---
source: tailcall-prettier/src/lib.rs
expression: prettier
---
const x = {a: 3}
